C:\Users\omar.meneses\Google Drive\Maestro Health Team\OnBoarding\QC Files\Automation\Onboarding\src\main\java\com\maestrohealth\Onboarding\pages\onb_7_Employee_Login\Login_Fail_Employee.java
C:\Users\omar.meneses\Google Drive\Maestro Health Team\OnBoarding\QC Files\Automation\Onboarding\src\main\java\com\maestrohealth\Onboarding\pages\onb_7_Employee_Login\LoginEmployee.java
C:\Users\omar.meneses\Google Drive\Maestro Health Team\OnBoarding\QC Files\Automation\Onboarding\src\main\java\com\maestrohealth\Onboarding\pages\onb_38_Employer_login\Login_failed.java
C:\Users\omar.meneses\Google Drive\Maestro Health Team\OnBoarding\QC Files\Automation\Onboarding\src\main\java\com\maestrohealth\Onboarding\pages\onb_38_Employer_login\Login_successful.java
C:\Users\omar.meneses\Google Drive\Maestro Health Team\OnBoarding\QC Files\Automation\Onboarding\src\main\java\com\maestrohealth\Onboarding\App.java
C:\Users\omar.meneses\Google Drive\Maestro Health Team\OnBoarding\QC Files\Automation\Onboarding\src\main\java\com\maestrohealth\Onboarding\pages\onb_38_Employer_login\Login.java
C:\Users\omar.meneses\Google Drive\Maestro Health Team\OnBoarding\QC Files\Automation\Onboarding\src\main\java\com\maestrohealth\Onboarding\pages\onb_7_Employee_Login\Login_successfull_Employee.java
